Solver: Random Move Solver
Num threads: 1
Num runs: 1

Game 1: Stock: [9C, 4C, JC, 9D, 3S, 5S, JH, AC, 8C, 7D, 3C, 3H, 7C, 5H, 6C, QH, 2S, 9S, AH, 4S, 5D, 10D, 2C, KH] 
0C 0S 0H 0D

[]		[KC]
[8D]		[10S]
[5C, 4H]		[7H]
[4D, 10C, JS]		[6D]
[9H, 6H, JD, 2H]		[AD]
[8S, QS, KD, 8H, AS]		[KS]
[QC, 6S, 3D, 10H, 2D, QD]		[7S]

pool-1-thread-1: false
Wins: 0 out of 1 games.

Total wins: 0/1

============================
 Job utilisation efficiency
============================

Job ID: 18357202
Cluster: viking2.yor.alces.network
User/Group: js3780/root
State: FAILED (exit code 1)
Nodes: 1
Cores per node: 10
CPU Utilized: 00:00:04
CPU Efficiency: 20.00% of 00:00:20 core-walltime
Job Wall-clock time: 00:00:02
Memory Utilized: 1.70 MB
Memory Efficiency: 0.04% of 4.00 GB
 Requested wall clock time: 00:30:00
    Actual wall clock time: 00:00:02
Wall clock time efficiency: 0.1%
           Job queued time: 00:00:00
